{
  "errors": [],
  "paths": {
    "scanned": [
      "targets/basic.py"
    ]
  },
  "results": [],
  "skipped_rules": [],
  "version": "0.42"
}